  Algorithm.cpp
C:\Users\Administrator\Desktop\qe\Algorithm\Algorithm\Algorithm.cpp(18,3): error C2679: 이항 '[': 오른쪽 피연산자로 'const T' 형식을 사용하는 연산자가 없거나 허용되는 변환이 없습니다.
C:\Users\Administrator\Desktop\qe\Algorithm\Algorithm\Algorithm.cpp(18,3): error C2679:         with
C:\Users\Administrator\Desktop\qe\Algorithm\Algorithm\Algorithm.cpp(18,3): error C2679:         [
C:\Users\Administrator\Desktop\qe\Algorithm\Algorithm\Algorithm.cpp(18,3): error C2679:             T=const char *
C:\Users\Administrator\Desktop\qe\Algorithm\Algorithm\Algorithm.cpp(18,3): error C2679:         ]
      C:\Program Files\Microsoft Visual Studio\2022\Community\VC\Tools\MSVC\14.43.34808\include\vector(1922,40):
      'const _Ty &std::vector<_Ty,std::allocator<_Ty>>::operator [](const unsigned __int64) noexcept const'일 수 있습니다.
          with
          [
              _Ty=std::vector<const char *,std::allocator<const char *>>
          ]
          C:\Users\Administrator\Desktop\qe\Algorithm\Algorithm\Algorithm.cpp(18,3):
          'const _Ty &std::vector<_Ty,std::allocator<_Ty>>::operator [](const unsigned __int64) noexcept const': 인수 2을(를) 'const T'에서 'const unsigned __int64'(으)로 변환할 수 없습니다.
          with
          [
              _Ty=std::vector<const char *,std::allocator<const char *>>
          ]
          and
          [
              T=const char *
          ]
              C:\Users\Administrator\Desktop\qe\Algorithm\Algorithm\Algorithm.cpp(18,8):
              이 변환이 가능한 컨텍스트가 없습니다.
      C:\Program Files\Microsoft Visual Studio\2022\Community\VC\Tools\MSVC\14.43.34808\include\vector(1912,34):
      또는       '_Ty &std::vector<_Ty,std::allocator<_Ty>>::operator [](const unsigned __int64) noexcept'
          with
          [
              _Ty=std::vector<const char *,std::allocator<const char *>>
          ]
          C:\Users\Administrator\Desktop\qe\Algorithm\Algorithm\Algorithm.cpp(18,3):
          '_Ty &std::vector<_Ty,std::allocator<_Ty>>::operator [](const unsigned __int64) noexcept': 인수 2을(를) 'const T'에서 'const unsigned __int64'(으)로 변환할 수 없습니다.
          with
          [
              _Ty=std::vector<const char *,std::allocator<const char *>>
          ]
          and
          [
              T=const char *
          ]
              C:\Users\Administrator\Desktop\qe\Algorithm\Algorithm\Algorithm.cpp(18,8):
              이 변환이 가능한 컨텍스트가 없습니다.
      C:\Users\Administrator\Desktop\qe\Algorithm\Algorithm\Algorithm.cpp(18,3):
      인수 목록 '(std::vector<std::vector<T,std::allocator<T>>,std::allocator<std::vector<T,std::allocator<T>>>>, const T)'을(를) 일치시키는 동안
          with
          [
              T=const char *
          ]
      C:\Users\Administrator\Desktop\qe\Algorithm\Algorithm\Algorithm.cpp(18,3):
      템플릿 인스턴스화 컨텍스트(가장 오래된 인스턴스화 컨텍스트)가
          C:\Users\Administrator\Desktop\qe\Algorithm\Algorithm\Algorithm.cpp(32,21):
          컴파일되는 클래스 템플릿 인스턴스화 'Graph<const char *>'에 대한 참조를 확인하세요.
          C:\Users\Administrator\Desktop\qe\Algorithm\Algorithm\Algorithm.cpp(16,7):
          클래스 템플릿 멤버 함수 'void Graph<const char *>::insert(const T,const T)'을(를) 컴파일하는 중입니다.
          with
          [
              T=const char *
          ]
              C:\Users\Administrator\Desktop\qe\Algorithm\Algorithm\Algorithm.cpp(33,14):
              'main'에서 'Graph<const char *>::insert'에 대한 첫 번째 참조를 확인하세요.
  
